# I.Foundations/2.PyTorch_Fundamentals/2.4_training_loop.py
# status=PASS rc=0 duration=4.4s
======================================================================
--- STDOUT ---
============================================================
  Exercise 04 — The Complete Training Loop
============================================================
  Device: cuda

── Section 1: Custom Dataset ──

  Every Dataset must implement __len__ and __getitem__.
  PyTorch's DataLoader calls these to build batches automatically.
  y = sin(x) + noise is a simple regression task for testing.

  ✓ Section 1 passed

── Section 2: DataLoader ──

  DataLoader handles batching, shuffling, and parallel data loading.
  Key arguments:
    num_workers=N  → N background worker processes (0 = synchronous, slow)
    pin_memory=True → allocate CPU tensors in pinned memory for faster GPU copy
    shuffle=True   → randomise sample order each epoch (train only)

  Always: shuffle=True for training, shuffle=False for validation.

  Batches in train_loader: 25
  Batches in val_loader  : 4

  DataLoader num_workers timing (SineDataset is tiny — difference is minimal here):
    num_workers=0: 2.6 ms  (real datasets: 0 → GPU idle, 4 → overlap)
    num_workers=2: 75.3 ms  (real datasets: 0 → GPU idle, 4 → overlap)
  ✓ Section 2 passed

── Section 3: Model ──

  Build the model in __init__ with fixed architecture, move to device once.
  Never call model.to(device) inside the training loop.

  Model parameters: 4,353
  ✓ Section 3 passed

── Section 4: Training Loop ──

  Every training step — in this exact order:
    1. Move batch to device
    2. optimizer.zero_grad(set_to_none=True)   ← clears accumulated gradients
    3. pred = model(xb)                         ← forward pass
    4. loss = criterion(pred, yb)               ← compute scalar loss
    5. loss.backward()                          ← backpropagate
    6. optimizer.step()                         ← update weights

  Epoch 1/5  train=0.3014  val=0.2994
  Epoch 2/5  train=0.1476  val=0.2384
  Epoch 3/5  train=0.1101  val=0.1559
  Epoch 4/5  train=0.0770  val=0.1046
  Epoch 5/5  train=0.0507  val=0.0686
  ✓ Section 4 passed — loss decreased

── Section 5: Gradient Clipping ──

  Gradient clipping prevents 'exploding gradients' in deep networks and RNNs.
  It caps the global L2 norm of all gradients BEFORE the optimizer step.
  Transformers typically use max_norm=1.0.

  Order: backward() → clip_grad_norm_() → optimizer.step()

  Gradient norm before clipping: 3.5828
  Gradient norm after  clipping: 1.0000  (capped at 1.0)
  ✓ Section 5 passed

── Section 6: AMP (Automatic Mixed Precision) ──

  AMP runs forward/backward in FP16 (activating Tensor Cores),
  keeps master weights in FP32 (avoiding precision loss).
  GradScaler prevents FP16 gradient underflow.

  With AMP + gradient clipping:
    backward()                     → on scaled loss
    scaler.unscale_(optimizer)     → before clipping
    clip_grad_norm_()              → on unscaled gradients
    scaler.step() + scaler.update() → instead of optimizer.step()

  AMP 1-epoch training: 268.5 ms
  Final AMP loss: 0.1827
  ✓ Section 6 passed

── Section 7: Inference ──

  Inference checklist:
    model.eval()          — disable dropout, freeze BatchNorm
    torch.no_grad()       — suppress computation graph (faster, less memory)
  Both are required. Forgetting either causes bugs or wasted compute.

  sin(0)   pred: -0.004  (true:  0.000)
  sin(π/2) pred: 0.823  (true:  1.000)
  sin(π)   pred: 0.458  (true:  0.000)
  ✓ Section 7 passed

============================================================
  ALL SECTIONS PASSED — Exercise 04 complete!
  You now know the full training loop including AMP and gradient clipping.
  Next: I.Foundations/2.PyTorch_Fundamentals/2.5_gpu_timing.py
============================================================

--- STDERR ---
/workspace/I.Foundations/2.PyTorch_Fundamentals/2.4_training_loop.py:272: FutureWarning: `torch.cuda.amp.GradScaler(args...)` is deprecated. Please use `torch.amp.GradScaler('cuda', args...)` instead.
  scaler  = torch.cuda.amp.GradScaler()
