# I.Foundations/2.PyTorch_Fundamentals/2.6_common_mistakes.py
# status=PASS rc=0 duration=3.1s
======================================================================
--- STDOUT ---
=================================================================
  Exercise 06 — The Ten Most Common PyTorch Mistakes
=================================================================
  Device: cuda

── Mistake 1: Wrong GPU Timing (time.time vs CUDA events) ──

  WRONG: time.time() returns before the GPU finishes (async).
  RIGHT: CUDA events record timestamps on the GPU timeline.

  time.time() result : 60.216 ms  ← CPU submission, not GPU time
  CUDA events result : 0.309 ms  ← true GPU execution time
  ✓ Mistake 1 fixed

── Mistake 2: Forgetting model.eval() ──

  With Dropout active (train mode), the model gives different predictions
  on identical inputs every call — benchmarks are non-deterministic,
  accuracy is degraded.  Always call model.eval() before inference.

  Outputs differ in train mode : True  (expected True)
  Outputs same   in eval  mode : True  (expected True)
  ✓ Mistake 2 fixed

── Mistake 3: Gradient Accumulation Bug ──

  PyTorch ACCUMULATES gradients.  Calling backward() twice without
  zeroing accumulates the gradient from both passes — the effective
  batch size doubles silently.

  grad after step 1          : 3.0  (correct: 3.0)
  grad after step 2 (bug)    : 6.0  (wrong: accumulated to 6.0)
  grad after step 2 (fixed)  : 3.0  (correct: 3.0)
  ✓ Mistake 3 fixed

── Mistake 4: synchronizing GPU Inside the Training Loop ──

  loss.item() and tensor.cpu() both synchronize the CPU with the GPU
  — the CPU blocks until all pending GPU work finishes.  In a tight
  inner loop this serialises the pipeline and can cut throughput by 50%+.

  Fix: accumulate the raw tensor, call .item() every N steps.

  .item() every step  : 66.7 ms  ← GPU sync 100× 
  .item() every 50    : 32.5 ms  ← GPU sync 2×
  ✓ Mistake 4 demonstrated — on real GPU workloads the gap is 2–5×

── Mistake 5: Tensors Created on CPU Inside the Loop ──

  Every torch.zeros(...), torch.ones(...), torch.randn(...) without
  a device= argument creates a CPU tensor.  If your model is on GPU,
  you get a device mismatch error — or, worse, a silent PCIe copy.
  Fix: always pass device=DEVICE when creating temporary tensors.

  mask.device : cuda:0  ← created directly on cuda, no copy
  ✓ Mistake 5 fixed

── Mistake 6: FP32 When FP16/BF16 Tensor Cores Are Available ──

  On Tensor Core GPUs, FP16 matrix multiplications are 2–8× faster than FP32.
  Many engineers leave performance on the table by defaulting to FP32.
  With AMP, this is free — just wrap forward() in torch.autocast().
    
  FP32 2048×2048 matmul : 1.354 ms
  FP16 2048×2048 matmul : 0.651 ms  (2.1× faster)
  ✓ Mistake 6 demonstrated — use FP16/BF16 on Tensor Core hardware

── Mistake 7: No Warmup Before Benchmarking ──

  First kernel launch: CUDA context init + JIT compilation.
  Can inflate the first measurement by 10–1000×.
  Always run at least 5 warmup iterations before timing.

  Run 0 (cold)   : 23.264 ms
  Runs 4-7 avg   : 0.257 ms  ← steady state
  First/steady   : 90.6×  ← warmup inflation
  ✓ Mistake 7 demonstrated — discard warmup runs

── Mistake 8: Comparing Latency Without Normalising ──

  4 ms at batch 32 is NOT slower than 1 ms at batch 1.
  4 ms at batch 32 = 8× higher throughput per unit time.
  Always normalise to per-sample or per-token throughput when comparing.

  bs= 1  latency=0.072 ms  throughput=13879 samples/s
  bs= 8  latency=0.062 ms  throughput=129252 samples/s
  bs=32  latency=0.042 ms  throughput=766869 samples/s
  ✓ Mistake 8 demonstrated — always normalise to throughput

── Mistake 9: num_workers=0 in DataLoader ──

  num_workers=0 → data loading runs on the main thread.
  While the CPU loads and preprocesses the next batch, the GPU is IDLE.

  num_workers=4+ → background workers load in parallel with GPU compute.
  This is the single easiest training throughput win on I/O-heavy datasets.
  Combine with pin_memory=True for ~2× faster CPU→GPU copies.

  Ideal settings depend on your CPU core count and disk speed.
  Start with num_workers=4, pin_memory=True and tune from there.

  num_workers=0: 4.1 ms  (TensorDataset is RAM-only — difference minimal here)
  num_workers=2: 85.6 ms  (real gain on disk I/O workloads: 3–10×)
  ✓ Mistake 9 — set num_workers and pin_memory in every DataLoader

── Mistake 10: GPU Memory Fragmentation / OOM Debugging ──

  Symptom: CUDA OOM error even though nvidia-smi shows free memory.
  Cause:   the allocator holds fragmented blocks that cannot satisfy
           a new large contiguous allocation.
  Fix:     torch.cuda.empty_cache() between experiments.
    
  Start allocated   : 72.9 MB
  Peak allocated    : 93.4 MB
  After partial del : 81.1 MB allocated, 98.6 MB reserved
  After empty_cache : 98.6 MB reserved  ← returned to OS
  ✓ Mistake 10 — use empty_cache() between experiments

=================================================================
  ALL SECTIONS COMPLETE — Exercise 06 done!
  Pre-flight checklist summary:
    ✓ CUDA events for timing  ✓ model.eval() before inference
    ✓ zero_grad before backward  ✓ no .item() inside inner loop
    ✓ tensors created on device  ✓ FP16/BF16 on Tensor Core GPUs
    ✓ warmup before benchmarking  ✓ normalise to throughput
    ✓ num_workers + pin_memory  ✓ empty_cache between experiments
=================================================================
