# II.GPU_Programming_and_Profiling/5.GPU_Profiling/5.3_torch_profiler.py
# status=PASS rc=0 duration=3.5s
======================================================================
--- STDOUT ---
============================================================
  Exercise 5.3 — torch.profiler Deep Dive
============================================================
  Device: cuda

── Section 1: Basic Profiling ──

  torch.profiler wraps your code and records the time spent in every
  PyTorch operator on both CPU and GPU.  The key output is the operator
  table sorted by cuda_time_total (or cpu_time_total on CPU-only machines).

  The operator at the top of the table is your first optimization target.
  Look for the Self CUDA column — this is the time spent ONLY in this op,
  not in its callees.  Ops with high total time but low self time are
  wrappers; the real work is in their children.

  activities list:
    CPU-only: [ProfilerActivity.CPU]
    GPU:      [ProfilerActivity.CPU, ProfilerActivity.CUDA]


  Top 10 ops by cuda_time_total:
-------------------------------------------------------  ------------  ------------  ------------  ------------  ------------  ------------  ------------  ------------  ------------  ------------  
                                                   Name    Self CPU %      Self CPU   CPU total %     CPU total  CPU time avg     Self CUDA   Self CUDA %    CUDA total  CUDA time avg    # of Calls  
-------------------------------------------------------  ------------  ------------  ------------  ------------  ------------  ------------  ------------  ------------  ------------  ------------  
                                           aten::linear         0.12%      89.643us        67.26%      52.420ms      13.105ms       0.000us         0.00%     102.069us      25.517us             4  
                                            aten::addmm        61.54%      47.962ms        66.98%      52.200ms      13.050ms      49.257us        93.01%     102.069us      25.517us             4  
void cutlass::Kernel2<cutlass_80_tensorop_s1688gemm_...         0.00%       0.000us         0.00%       0.000us       0.000us      41.460us        78.29%      41.460us      13.820us             3  
                                  Lazy Function Loading         0.40%     308.431us         0.40%     308.431us      77.108us      31.222us        58.95%      31.222us       7.806us             4  
                                    cudaLaunchKernelExC         2.05%       1.601ms         2.10%       1.634ms     816.856us       0.000us         0.00%      13.097us       6.548us             2  
                                Activity Buffer Request         1.74%       1.356ms         1.74%       1.356ms       1.356ms      11.442us        21.60%      11.442us      11.442us             1  
                                   cudaGetSymbolAddress         0.19%     146.177us         0.33%     254.813us     254.813us       0.000us         0.00%      11.442us      11.442us             1  
                       Runtime Triggered Module Loading         0.14%     108.636us         0.14%     108.636us     108.636us      11.442us        21.60%      11.442us      11.442us             1  
                                             aten::relu         0.07%      56.550us        32.72%      25.501ms       8.500ms       0.000us         0.00%       4.997us       1.666us             3  
                                        aten::clamp_min        21.56%      16.803ms        32.65%      25.445ms       8.482ms       3.703us         6.99%       4.997us       1.666us             3  
-------------------------------------------------------  ------------  ------------  ------------  ------------  ------------  ------------  ------------  ------------  ------------  ------------  
Self CPU time total: 77.931ms
Self CUDA time total: 52.960us

  ✓ Section 1 passed — profiler ran and printed operator table

── Section 2: The Profiler Schedule ──

  Profiling every step of a long training run is expensive and produces
  enormous trace files.  The profiler schedule lets you:
    wait    N: skip N steps at the start (let things warm up)
    warmup  N: run the profiler but discard these steps
    active  N: record these N steps
    repeat  N: run the whole cycle N times (0 = run once)

  schedule(wait=1, warmup=1, active=3, repeat=1) means:
    Step 0: skip
    Step 1: profiler on but discarded (warmup)
    Steps 2-4: profiled and recorded

  This is the recommended pattern for training loops — it avoids the
  profiler overhead on all but the steps you care about.

  Profiler collected 157 events over 5 steps
  ✓ Section 2 passed — schedule-based profiling ran correctly

── Section 3: Chrome Trace Export ──

  torch.profiler can export its data in the Chrome Trace Event format,
  readable in:
    chrome://tracing  (built into Chrome/Chromium)
    Perfetto UI       (https://ui.perfetto.dev)
    TensorBoard       (pip install tensorboard)

  The JSON file contains every operator with its start time, duration,
  thread ID, and (on GPU) CUDA stream ID.  It is the most detailed view
  of your model's execution timeline.

  To open in Chrome: navigate to chrome://tracing, click Load, select the JSON.
  To open in TensorBoard: use prof.export_chrome_trace() then:
    tensorboard --logdir /tmp/tb_logs

  Chrome trace exported: /tmp/pt2_chrome_trace.json (78.8 KB)
  Open with: chrome://tracing → Load → select /tmp/pt2_chrome_trace.json
  ✓ Section 3 passed — Chrome trace exported

── Section 4: Reading Self CUDA % ──

  The profiler reports two time columns per operator:
    CUDA total   : time including all ops called BY this op (inclusive)
    Self CUDA    : time spent ONLY in this specific op (exclusive)

  Example:
    aten::linear   CUDA total = 5ms   Self CUDA = 0.01ms
      aten::mm     CUDA total = 4ms   Self CUDA = 4ms
      aten::addmm  CUDA total = 0.9ms Self CUDA = 0.9ms

  aten::linear's total is 5ms but its self is nearly zero — the real work
  is in aten::mm.  optimizing aten::linear as a whole is impossible; you
  must look at its children.

  Always sort by self_cuda_time_total to find the true bottleneck kernel.

  Top op by self CUDA time: aten::addmm
    Self CUDA time  : 0.409 ms
    Total CUDA time : 0.418 ms
    Self %          : 97.7%

  Full table sorted by self_cuda_time_total:
-------------------------------------------------------  ------------  ------------  ------------  ------------  ------------  ------------  ------------  ------------  ------------  ------------  
                                                   Name    Self CPU %      Self CPU   CPU total %     CPU total  CPU time avg     Self CUDA   Self CUDA %    CUDA total  CUDA time avg    # of Calls  
-------------------------------------------------------  ------------  ------------  ------------  ------------  ------------  ------------  ------------  ------------  ------------  ------------  
                                            aten::addmm        22.69%       1.131ms        75.94%       3.787ms      94.680us     408.811us        91.83%     418.327us      10.458us            40  
void cutlass::Kernel2<cutlass_80_tensorop_s1688gemm_...         0.00%       0.000us         0.00%       0.000us       0.000us     338.311us        75.99%     338.311us      11.277us            30  
void cublasLt::splitKreduce_kernel<32, 16, int, floa...         0.00%       0.000us         0.00%       0.000us       0.000us      38.398us         8.63%      38.398us       1.920us            20  
                                        aten::clamp_min         6.84%     341.034us        13.29%     662.814us      22.094us      36.377us         8.17%      36.377us       1.213us            30  
void at::native::vectorized_elementwise_kernel<4, at...         0.00%       0.000us         0.00%       0.000us       0.000us      36.377us         8.17%      36.377us       1.213us            30  
void cutlass::Kernel2<cutlass_80_tensorop_s1688gemm_...         0.00%       0.000us         0.00%       0.000us       0.000us      32.102us         7.21%      32.102us       3.210us            10  
                                Activity Buffer Request        31.20%       1.556ms        31.20%       1.556ms       1.556ms       9.516us         2.14%       9.516us       9.516us             1  
                                           aten::linear         2.95%     147.137us        84.30%       4.204ms     105.101us       0.000us         0.00%     418.327us      10.458us            40  
-------------------------------------------------------  ------------  ------------  ------------  ------------  ------------  ------------  ------------  ------------  ------------  ------------  
Self CPU time total: 4.987ms
Self CUDA time total: 445.188us

  ✓ Section 4 passed — Self CUDA time analysis complete

============================================================
  ALL SECTIONS PASSED — Exercise 5.3 complete!
  You now know how to use the profiler schedule, export Chrome
  traces, and interpret Self CUDA time to find true bottlenecks.
  Next: II.GPU_Programming_and_Profiling/6.PyTorch_Optimization/6.1_precision_and_amp.py
============================================================

--- STDERR ---
/usr/local/lib/python3.12/dist-packages/torch/profiler/profiler.py:224: UserWarning: Warning: Profiler clears events at the end of each cycle.Only events from the current cycle will be reported.To keep events across cycles, set acc_events=True.
  _warn_once(
