# III.Linux_Systems_Profiling/8.Perf_eBPF_and_Flamegraphs/8.4_ebpf_and_bpftrace.py
# status=PASS rc=0 duration=0.3s
======================================================================
--- STDOUT ---
============================================================
  Exercise 8.3 — eBPF and bpftrace
============================================================
  Device: cpu

── Section 1: What eBPF Is ──

  eBPF (extended Berkeley Packet Filter) is a Linux kernel technology
  that lets you run small, safe programs INSIDE the kernel — without
  modifying kernel source code and without loading a kernel module.

  HOW THE SAFETY GUARANTEE WORKS:
    Before any eBPF program can execute, the kernel runs a verifier
    that checks the program exhaustively:
      • No infinite loops (all loops must terminate)
      • No out-of-bounds memory access
      • No kernel function calls that could crash the kernel
      • All registers are initialised before use
    If the verifier rejects the program, it never runs.
    If it passes, the kernel compiles it to native machine code (JIT)
    and runs it at the probe point.

  WHAT eBPF CAN TRACE:
    • Every syscall entry and exit (open, read, write, futex, …)
    • Kernel function entry and exit (any kernel function)
    • User-space function entry and exit (uprobes)
    • Network packets (the original use case)
    • Hardware performance events (PMU counters)
    • Tracepoints (stable kernel instrumentation points)

  WHY IT IS SAFE FOR PRODUCTION:
    No service restart required.  The probe attaches while the program
    runs.  Overhead is typically < 1% for moderate event rates.
    If the tracing script crashes, the kernel detaches the program
    automatically — the traced service is unaffected.

  The five most useful eBPF tools for AI infrastructure engineers:

  ┌─────────────────┬───────────────────────────────────────────────────────┐
  │ Tool            │ Purpose and typical usage                             │
  ├─────────────────┼───────────────────────────────────────────────────────┤
  │ opensnoop       │ Show every open() syscall: filename, PID, duration.   │
  │                 │ Diagnose DataLoader: what files are workers opening?  │
  ├─────────────────┼───────────────────────────────────────────────────────┤
  │ biolatency      │ Block I/O latency histogram. SSD: < 1ms. HDD: 10ms+. │
  │                 │ Diagnose: is storage causing DataLoader stalls?       │
  ├─────────────────┼───────────────────────────────────────────────────────┤
  │ execsnoop       │ Show every exec() call: new processes, their args.    │
  │                 │ Diagnose: are DataLoader workers being re-spawned?    │
  ├─────────────────┼───────────────────────────────────────────────────────┤
  │ tcplife         │ Show TCP connection lifetimes. Remote storage (S3,    │
  │                 │ NFS) connections and their transfer sizes.            │
  ├─────────────────┼───────────────────────────────────────────────────────┤
  │ funclatency     │ Latency histogram for any kernel or user function.    │
  │                 │ Profile: how long does cudaMalloc take on average?    │
  └─────────────────┴───────────────────────────────────────────────────────┘

  Installation (Ubuntu / Debian):
    sudo apt install bpfcc-tools python3-bpfcc
  or (bpftrace — more modern):
    sudo apt install bpftrace

  Running requires root:
    sudo opensnoop-bpfcc -T        # with timestamps
    sudo biolatency-bpfcc -D 10    # 10-second block I/O latency histogram

  eBPF tool descriptions:
    opensnoop     : Traces every file open() syscall, showing filename, PID, and duration
    biolatency    : Shows a histogram of block I/O latency to diagnose slow storage
    execsnoop     : Traces every exec() call to see which processes are being spawned
    tcplife       : Tracks TCP connection lifetimes, IPs, ports, and bytes transferred
    funclatency   : Measures latency histogram for any kernel or user-space function
  ✓ Section 1 passed — eBPF tool descriptions implemented

── Section 2: Simulating opensnoop for DataLoader Diagnosis ──

  opensnoop-bpfcc traces every open() syscall system-wide, printing:
    PID   COMM  FD ERR PATH
    12345 python 5  0  /data/imagenet/train/n01440764/image_0001.JPEG
    12346 python 6  0  /data/imagenet/train/n02102040/image_0503.JPEG
    ...

  FOR DATALOADER DIAGNOSIS, look for:
    1. Are workers reading files SEQUENTIALLY or RANDOMLY?
       Sequential = prefetcher helps = fewer cache misses
       Random (shuffled) = no prefetching = every file is a cold read

    2. Are workers reading the SAME files repeatedly?
       Re-reading without caching = wasted I/O
       Fix: cache decoded tensors as .pt files on first epoch

    3. How many unique files are opened per second?
       Low count with high training time = few large files (OK)
       High count with many small files = lots of open() overhead

    4. Are opens spread across many worker PIDs?
       All opens from one PID = num_workers=0 (serialised loading)
       Multiple PIDs = workers running in parallel (expected)

  Run opensnoop while a DataLoader workload runs:
    # In terminal 1:
    sudo opensnoop-bpfcc -T -n python > /tmp/opens.log &

    # In terminal 2:
    python train.py --steps 100

    # Analyse:
    grep ".JPEG" /tmp/opens.log | wc -l          # total opens
    grep ".JPEG" /tmp/opens.log | sort -k4 -u | wc -l  # unique files

  simulate_file_opens(10, 100):
    unique_files  : 10
    total_opens   : 100
    opens_per_file: 10
  ✓ Section 2 passed — file open simulation matches expected counts

── Section 3: Simulating biolatency for I/O Diagnosis ──

  biolatency-bpfcc shows a histogram of block I/O (disk) read/write
  latency.  Each bar represents how many I/O operations fell in that
  latency bucket during the measurement window.

  TYPICAL VALUES:
    NVMe SSD (PCIe 4.0): 99th percentile < 0.5ms  →  nearly all < 1ms bucket
    SATA SSD:            99th percentile < 1ms     →  most in < 1ms bucket
    Network storage NFS: 1–10ms typical, spikes 50ms+ on congestion
    HDD (rotational):    5ms average, 10–100ms tail (seek time dominates)

  INTERPRETING THE HISTOGRAM:
    If ALL I/O completes in < 1ms → storage is not the DataLoader bottleneck
    If significant I/O is in 5–20ms range → SATA SSD or network storage
    If substantial I/O is > 20ms → HDD, network storage, or storage congestion
    If spikes > 100ms → storage throttling, RAID rebuild, or NFS timeout

  biolatency command:
    sudo biolatency-bpfcc -D 10       # 10-second histogram
    sudo biolatency-bpfcc -D 10 -Q    # include QUEUE wait time
    sudo biolatency-bpfcc -D 10 -mT   # per-disk histograms with timestamps

  In this simulation, we model I/O operations with sleep() and build
  the latency histogram manually — the same four buckets biolatency shows.

  Simulated NVMe SSD latency histogram (100 I/O operations):
  Bucket       Count  Bar
  <1ms            81  ██████████████████████████████
  1-5ms           14  █████
  5-20ms           5  █
  >20ms            0  
  (Total: 100 operations)
  ✓ Section 3 passed — latency histogram built and verified

── Section 4: Key bpftrace One-liners ──

  bpftrace is a high-level tracing language for eBPF.  One-liners
  are short bpftrace programs run directly on the command line.
  They require root (sudo) but do not require kernel recompilation.

  THE 6 MOST USEFUL bpftrace ONE-LINERS FOR AI ENGINEERS:

  1. Count syscalls per second by type (is the DataLoader heavy on I/O?):
       sudo bpftrace -e 'tracepoint:raw_syscalls:sys_enter { @[args->id] = count(); }' \
           -c "python train.py" | head -20

  2. Trace file opens with latency (which files take the longest to open?):
       sudo bpftrace -e '
       tracepoint:syscalls:sys_enter_openat { @start[tid] = nsecs; @fname[tid] = str(args->filename); }
       tracepoint:syscalls:sys_exit_openat  { @ms[str(@fname[tid])] = hist((nsecs - @start[tid])/1000000); delete(@start[tid]); delete(@fname[tid]); }
       '

  3. Histogram of read() sizes (is DataLoader doing many small reads or few large ones?):
       sudo bpftrace -e 'tracepoint:syscalls:sys_exit_read { @bytes = hist(args->ret); }'

  4. Measure futex (lock) contention latency (is Python GIL a bottleneck?):
       sudo bpftrace -e '
       tracepoint:syscalls:sys_enter_futex { @start[tid] = nsecs; }
       tracepoint:syscalls:sys_exit_futex  { @us = hist((nsecs - @start[tid]) / 1000); delete(@start[tid]); }
       '

  5. Count CUDA memory allocations over time (is allocator contention present?):
       sudo bpftrace -e 'uprobe:/usr/lib/x86_64-linux-gnu/libcuda.so:cuMemAlloc { @[comm] = count(); }'

  6. Latency distribution for any Python function (add a uprobe to python interpreter):
       sudo bpftrace -e '
       uprobe:/usr/bin/python3:PyEval_EvalFrameEx { @start[tid] = nsecs; }
       uretprobe:/usr/bin/python3:PyEval_EvalFrameEx {
           @frame_us = hist((nsecs - @start[tid]) / 1000);
           delete(@start[tid]);
       }
       '

  INSTALL bpftrace:
    sudo apt install bpftrace        # Ubuntu 22.04+
    sudo snap install bpftrace       # older Ubuntu

  VERIFY IT WORKS (no tracing, just check the tool is installed):
    sudo bpftrace --version
    sudo bpftrace -l 'tracepoint:syscalls:sys_enter_openat'

  I/O latency categories:
       0.2ms → excellent
       1.5ms → good
       7.0ms → acceptable
      35.0ms → slow
      75.0ms → disk-bottleneck
  ✓ Section 4 passed — latency categorisation function correct

============================================================
  ALL SECTIONS PASSED — Exercise 8.3 complete!

  You can now explain eBPF safety guarantees, describe the
  five key AI engineering eBPF tools, simulate file open
  patterns and I/O latency histograms, and write bpftrace
  one-liners for DataLoader diagnosis.

  Next: III.Linux_Systems_Profiling/8.Perf_eBPF_and_Flamegraphs/8.5_lock_contention.py
============================================================
