# V.Workload_Benchmarking/15.Porting_a_Workload/15.3_dataloader_at_scale.py
# status=PASS rc=0 duration=4.5s
======================================================================
--- STDOUT ---
============================================================
  Exercise 15.3 — DataLoader at Scale
============================================================
  Device: cuda  |  CPUs: 24

── Section 1: The DataLoader Bottleneck ──

  After you port a model to GPU and apply FP16, you often find that
  the GPU is still underutilized. The culprit: the DataLoader.

  GPU STARVATION PATTERN:
    Time →  [load batch][GPU compute]  [load batch][GPU compute]  ...
                  ↑ GPU idle here!

  The GPU waits for the CPU to prepare the next batch. In a well-tuned
  pipeline, data loading overlaps with GPU compute:
    Time →  [load B2]      [load B3]      [load B4] ...
               [GPU: B1]     [GPU: B2]     [GPU: B3] ...

  THREE LEVERS TO TUNE:
    1. num_workers     — parallel CPU workers for data loading
    2. pin_memory      — avoids CPU-side copy before DMA transfer
    3. prefetch_factor — how many batches each worker pre-fetches

  MEASURING STARVATION:
    idle_pct = time_waiting_for_data / total_time × 100
    If idle_pct > 10%, your DataLoader is the bottleneck.

  RULE OF THUMB FOR num_workers:
    Start with min(4, N_CPUS // 2). Never exceed N_CPUS.
    If you have NVMe storage, higher is better. If spinning disk, lower.

  ✓ Section 1 passed — understand GPU starvation from DataLoader

── Section 2: Measuring DataLoader Throughput ──

  We use a synthetic in-memory dataset to isolate DataLoader overhead
  from disk I/O. Real workloads add disk latency on top of this.

  TODO 1: Implement measure_loader_throughput(loader, n_batches=50)
  that iterates the loader for n_batches, times each iteration,
  and returns (mean_iter_ms, batches_per_sec).

  num_workers=0  : 4.153 ms/batch  241 batches/s
  ✓ Section 2 passed — DataLoader throughput measurement works

── Section 3: num_workers Sweep ──

  Each worker is a separate process that loads data in parallel with
  the main training loop. More workers → more CPU parallelism, but
  also more overhead from process spawning and inter-process queuing.

  The optimal num_workers is hardware-dependent. You must sweep it.

  TODO 2: Implement sweep_num_workers(dataset, batch_size, worker_counts)
  that benchmarks each worker count and returns a list of
  (n_workers, mean_ms, bps) tuples, sorted by worker count.

  Sweeping num_workers in [0, 1, 2, 4] (CPU count: 24)

   workers    ms/batch     batches/s     speedup
  ────────  ──────────  ────────────  ──────────
         0       0.345          2900       1.00×
         1       3.298           303       0.10×
         2       2.292           436       0.15×
         4       2.270           441       0.15×

  Best: num_workers=0 → 2900 batches/s
  ✓ Section 3 passed — num_workers sweep complete

── Section 4: Measuring GPU Idle Time (Starvation) ──

  Throughput of the DataLoader alone is not enough. You must also
  measure how much time the GPU spends idle waiting for the next batch.

  IDLE PCT FORMULA:
    For each batch i:
      data_load_time[i] = time from end of GPU compute[i-1] to end of data load[i]
      gpu_compute_time[i] = time from start of GPU compute[i] to end

    idle_pct = sum(max(0, data_load[i] - gpu_compute[i])) / total_time × 100

  SIMPLIFIED (wall-clock method):
    total_wall = time to process N_BATCHES
    gpu_only   = N_BATCHES × gpu_ms_per_batch   (from CUDA events)
    idle_time  = total_wall - gpu_only
    idle_pct   = idle_time / total_wall × 100

  TODO 3: Implement measure_idle_pct(model, loader, n_batches=20)
  that runs a model over n_batches from the loader and returns idle_pct.


  num_workers=0        idle_pct: 74.6%
  num_workers=0 (best)  idle_pct: 73.5%
  More workers reduced GPU starvation by 1.0pp
  WARNING: 73.5% idle — DataLoader is still the bottleneck
  → Try: more workers, pin_memory=True, prefetch_factor=4
  ✓ Section 4 passed — GPU idle pct measured

── Section 5: CPU Affinity and Tuning Checklist ──

  CPU affinity binds DataLoader worker processes to specific CPU cores.
  This matters on NUMA systems (multi-socket servers) where a worker
  on socket 1 reading data into socket 0 memory wastes ~30% extra bandwidth.

  CHECKING AFFINITY:
    import os
    cores = os.sched_getaffinity(0)   # set of cores available to this process
    print(f"Process can run on cores: {sorted(cores)}")

  SETTING AFFINITY PER WORKER (via worker_init_fn):
    def worker_init(worker_id):
        # Bind worker to its own core (if cores >= n_workers)
        core = worker_id % os.cpu_count()
        os.sched_setaffinity(0, {core})

  DATALOADER TUNING CHECKLIST:
    □ num_workers: sweep from 0 to min(8, N_CPUS) — pick the knee
    □ pin_memory=True: always True when DEVICE == "cuda"
    □ persistent_workers=True: avoid worker process respawning per epoch
    □ prefetch_factor=2 (default): increase to 4 if idle_pct > 10%
    □ worker_init_fn: set CPU affinity on NUMA systems
    □ drop_last=True: avoids variable-size last batch overhead
    □ Use in-memory dataset (e.g. mmap) for frequently accessed data

  Available CPU cores for this process: [0, 1, 2, 3, 4, 5, 6, 7, 8, 9, 10, 11, 12, 13, 14, 15, 16, 17, 18, 19, 20, 21, 22, 23]
  Cores available: 24  (NUMA binding matters when N_CPUS > 8)

  (num_workers=0: affinity has no effect)

  FINAL DATALOADER TUNING RECIPE:
    loader = DataLoader(
        dataset,
        batch_size    = batch_size,
        num_workers   = 0,         # from sweep
        pin_memory    = True,
        persistent_workers = False,
        prefetch_factor    = 2,      # increase to 4 if idle_pct > 10%
        drop_last          = True,   # avoid variable last-batch overhead
        worker_init_fn     = affinity_worker_init,  # NUMA systems only
    )

  ✓ Section 5 passed — CPU affinity and DataLoader checklist covered

============================================================
  ALL SECTIONS PASSED — Exercise 15.3 complete!
  You can now measure DataLoader throughput, sweep num_workers,
  measure GPU idle time, and apply the DataLoader tuning checklist.
  Part V — Workload Benchmarking complete!
============================================================
