# VI.Capstone_Projects/17.DataLoader_Bottleneck_Hunt/17.1_slow_dataloader.py
# status=PASS rc=0 duration=15.7s
======================================================================
--- STDOUT ---
============================================================
  Capstone 17.1 — Diagnosing the Slow DataLoader
============================================================
  Device: cuda  |  CPUs: 24

── Section 1: The Three Hidden Bottlenecks ──

  This capstone is a DETECTIVE EXERCISE. The DataLoader below has three
  intentional performance bugs. Your task (in 17.2) is to fix them one
  by one and measure the improvement from each fix.

  THE THREE BUGS:
    Bug 1: num_workers=0
      → All data loading happens in the main process
      → GPU must wait while the CPU loads and preprocesses each batch
      → Fix: num_workers = min(4, N_CPUs)

    Bug 2: pin_memory=False
      → PyTorch must allocate a pinned staging buffer and copy data
        into it before the DMA engine can transfer to GPU
      → Fix: pin_memory=True (and non_blocking=True on .to(device))

    Bug 3: Slow augmentation (simulated with time.sleep)
      → Real-world: CPU-heavy JPEG decode, resize, color jitter
      → Simulated: each __getitem__ sleeps for 2 ms (bottleneck floor)
      → Fix: reduce augmentation cost, or move to GPU-side transforms

  DETECTION STRATEGY:
    idle_pct = (total_wall_ms - total_gpu_ms) / total_wall_ms × 100
    loader_ms_per_batch >> gpu_ms_per_batch → DataLoader is the bottleneck

  ✓ Section 1 passed — understand the three bottlenecks

── Section 2: The Slow Dataset ──

  We use a synthetic dataset that simulates the cost of slow
  per-sample preprocessing (JPEG decode, resize, etc.) with a
  configurable sleep delay. The actual tensor data is random.

  In production, the sleep would be replaced by:
    - cv2.imread() + cv2.resize()  : 5–20 ms/sample
    - PIL.Image.open() + transforms: 10–50 ms/sample
    - torch.load() from disk       : 2–10 ms/sample

  SlowDataset: 2048 samples, 256D, 2 ms/sample augment delay
  Theoretical min load time per batch of 64: 128 ms (sequential)
  ✓ Section 2 passed — slow dataset created

── Section 3: Diagnosing the Slow DataLoader ──

  We measure three things:
    1. Loader throughput (batches/sec) in isolation
    2. GPU kernel time per batch (CUDA events)
    3. Wall-clock time per batch (includes loading)
  From these, idle_pct = (wall - gpu) / wall × 100

  TODO 1: Implement diagnose_dataloader(model, loader, n_batches=15)
  that returns (loader_ms, gpu_ms, idle_pct).
  - loader_ms: mean time from batch start to data-ready-on-device
  - gpu_ms   : mean GPU kernel time per batch (CUDA events)
  - idle_pct : percentage of wall time the GPU is waiting for data

  Running diagnosis on SLOW loader (workers=0, pin_memory=False, sleep=2ms)...
  (This will take ~6s — slow by design)

  SLOW LOADER DIAGNOSIS:
    Load + H2D per batch : 138.4 ms
    GPU forward per batch: 0.389 ms
    GPU idle percentage  : 99.7%
    Verdict: CRITICAL: GPU is mostly idle — DataLoader is the bottleneck
  ✓ Section 3 passed — slow loader diagnosed

── Section 4: Isolating Bug Contributions ──

  To attribute each bug's contribution, we fix ONE bug at a time
  and measure the remaining idle_pct. This is the isolation principle
  from Chapter 14: change one variable per experiment.

  We use a FAST dataset (no sleep) to isolate bugs 1 and 2 from bug 3.
  Then we combine them to see the full picture.


  Bug isolation (fast dataset, no sleep):
  Config                           Loader (ms)    GPU (ms)    Idle %
  ──────────────────────────────  ────────────  ──────────  ────────
  Baseline (all bugs)                    0.433       0.180     70.6%
  +workers=2                             1.599       0.207     88.6%
  +pin_memory                            1.391       0.319     81.3%

  DIAGNOSIS SAVED: /tmp/capstone17_diagnosis.json

  SUMMARY OF FINDINGS:
    Bug 1 (num_workers=0)      : GPU idle ~71% with single worker
    Fix 1 (+2 workers)        : reduces idle to ~89%
    Fix 2 (+pin_memory)        : reduces idle to ~81%
    Fix 3 (remove sleep)       : requires changing __getitem__ augmentation

  NEXT STEP: Run 17.2_fast_dataloader.py to apply all fixes
  and measure the combined improvement.

  ✓ Section 4 passed — bug contributions isolated

============================================================
  ALL SECTIONS PASSED — Capstone 17.1 complete!
  Three DataLoader bottlenecks identified and quantified.
  Next: VI.Capstone_Projects/17.DataLoader_Bottleneck_Hunt/17.2_fast_dataloader.py
============================================================
